[INFO] Scanning for projects...
[INFO] Loaded 23986 auto-discovered prefixes for remote repository central (prefixes-central.txt)
[INFO] 
[INFO] -----------------------< com.infosoft:sira-api >------------------------
[INFO] Building sira-api 0.0.3-SNAPSHOT
[INFO]   from pom.xml
[INFO] --------------------------------[ jar ]---------------------------------
[INFO] 
[INFO] --- clean:3.5.0:clean (default-clean) @ sira-api ---
[INFO] Deleting C:\Proyectos\SIRA\sira-api\target
[INFO] 
[INFO] --- resources:3.5.0:resources (default-resources) @ sira-api ---
[INFO] Copying 1 resource from src\main\resources to target\classes
[INFO] Copying 0 resource from src\main\resources to target\classes
[INFO] 
[INFO] --- compiler:3.15.0:compile (default-compile) @ sira-api ---
[INFO] Loaded 74 auto-discovered prefixes for remote repository apache.snapshots (prefixes-apache.snapshots.txt)
[INFO] Recompiling the module because of changed source code.
[INFO] Compiling 24 source files with javac [debug parameters release 17] to target\classes
[INFO] 
[INFO] --- resources:3.5.0:testResources (default-testResources) @ sira-api ---
[INFO] skip non existing resourceDirectory C:\Proyectos\SIRA\sira-api\src\test\resources
[INFO] 
[INFO] --- compiler:3.15.0:testCompile (default-testCompile) @ sira-api ---
[INFO] No sources to compile
[INFO] 
[INFO] --- surefire:3.5.6:test (default-test) @ sira-api ---
[INFO] Tests are skipped.
[INFO] 
[INFO] --- jar:3.5.1:jar (default-jar) @ sira-api ---
[INFO] Building jar: C:\Proyectos\SIRA\sira-api\target\sira-api-0.0.3-SNAPSHOT.jar
[INFO] 
[INFO] --- spring-boot:4.1.1:repackage (repackage) @ sira-api ---
[INFO] Loaded 50 auto-discovered prefixes for remote repository ow2-snapshot (prefixes-ow2-snapshot.txt)
[INFO] Replacing main artifact C:\Proyectos\SIRA\sira-api\target\sira-api-0.0.3-SNAPSHOT.jar with repackaged archive, adding nested dependencies in BOOT-INF/.
[INFO] The original artifact has been renamed to C:\Proyectos\SIRA\sira-api\target\sira-api-0.0.3-SNAPSHOT.jar.original
[INFO] ------------------------------------------------------------------------
[INFO] BUILD SUCCESS
[INFO] ------------------------------------------------------------------------
[INFO] Total time:  4.033 s
[INFO] Finished at: 2026-10-04T22:13:46-04:00
[INFO] ------------------------------------------------------------------------
